// Jest Snapshot v1, https://goo.gl/fbAQLP

exports[`pages test snapshots testing detail page 1`] = `
<div>
  <header>
    <img
      alt="Mobile menu button"
      src="https://img.icons8.com/material-rounded/24/ffffff/menu--v1.png"
    />
    <a
      aria-current="page"
      className="active"
      href="/"
      onClick={[Function]}
    >
      <h1>
        Kino Crypto 
      </h1>
    </a>
    <div>
      <img
        alt="config button"
        src="https://img.icons8.com/external-those-icons-fill-those-icons/24/ffffff/external-gear-settings-those-icons-fill-those-icons-1.png"
      />
    </div>
  </header>
  <div
    className="container"
  >
    <h3>
      Most Valuable -
       
      BTC
    </h3>
    <div
      className="content"
    >
      <img
        alt="BTC"
        src="https://img.icons8.com/color/70/000000/bitcoin--v3.png"
      />
      $21840.28
    </div>
  </div>
  <div
    className="coinsContainer"
  >
    <div
      className="filtersContainer"
    >
      <p>
        Top 10 Most Valuable Crypto
      </p>
      <select
        onChange={[Function]}
        value="value"
      >
        <option
          value="value"
        >
          value
        </option>
        <option
          value="fluctuation"
        >
          fluctuation
        </option>
      </select>
    </div>
    <ul
      className="coinBox"
    >
      <a
        className="route"
        href="/coin-detail"
        onClick={[Function]}
      >
        <li>
          <div
            className="coinItem"
          >
            <img
              alt="currency"
              src="https://img.icons8.com/fluency/35/000000/stack-of-coins.png"
            />
            <p>
              Bitcoin 
              -
               BTC
            </p>
            <p>
              $21840.28
            </p>
          </div>
        </li>
      </a>
      <a
        className="route"
        href="/coin-detail"
        onClick={[Function]}
      >
        <li>
          <div
            className="coinItem"
          >
            <img
              alt="currency"
              src="https://img.icons8.com/fluency/35/000000/stack-of-coins.png"
            />
            <p>
              Ethereum 
              -
               ETH
            </p>
            <p>
              $1226.371
            </p>
          </div>
        </li>
      </a>
      <a
        className="route"
        href="/coin-detail"
        onClick={[Function]}
      >
        <li>
          <div
            className="coinItem"
          >
            <img
              alt="currency"
              src="https://img.icons8.com/fluency/35/000000/stack-of-coins.png"
            />
            <p>
              Tether 
              -
               USDT
            </p>
            <p>
              $0.999495
            </p>
          </div>
        </li>
      </a>
      <a
        className="route"
        href="/coin-detail"
        onClick={[Function]}
      >
        <li>
          <div
            className="coinItem"
          >
            <img
              alt="currency"
              src="https://img.icons8.com/fluency/35/000000/stack-of-coins.png"
            />
            <p>
              USD Coin 
              -
               USDC
            </p>
            <p>
              $0.999448
            </p>
          </div>
        </li>
      </a>
      <a
        className="route"
        href="/coin-detail"
        onClick={[Function]}
      >
        <li>
          <div
            className="coinItem"
          >
            <img
              alt="currency"
              src="https://img.icons8.com/fluency/35/000000/stack-of-coins.png"
            />
            <p>
              BNB 
              -
               BNB
            </p>
            <p>
              $243.8945
            </p>
          </div>
        </li>
      </a>
      <a
        className="route"
        href="/coin-detail"
        onClick={[Function]}
      >
        <li>
          <div
            className="coinItem"
          >
            <img
              alt="currency"
              src="https://img.icons8.com/fluency/35/000000/stack-of-coins.png"
            />
            <p>
              Binance USD 
              -
               BUSD
            </p>
            <p>
              $1.000417
            </p>
          </div>
        </li>
      </a>
      <a
        className="route"
        href="/coin-detail"
        onClick={[Function]}
      >
        <li>
          <div
            className="coinItem"
          >
            <img
              alt="currency"
              src="https://img.icons8.com/fluency/35/000000/stack-of-coins.png"
            />
            <p>
              Cardano 
              -
               ADA
            </p>
            <p>
              $0.481701
            </p>
          </div>
        </li>
      </a>
      <a
        className="route"
        href="/coin-detail"
        onClick={[Function]}
      >
        <li>
          <div
            className="coinItem"
          >
            <img
              alt="currency"
              src="https://img.icons8.com/fluency/35/000000/stack-of-coins.png"
            />
            <p>
              XRP 
              -
               XRP
            </p>
            <p>
              $0.345850
            </p>
          </div>
        </li>
      </a>
      <a
        className="route"
        href="/coin-detail"
        onClick={[Function]}
      >
        <li>
          <div
            className="coinItem"
          >
            <img
              alt="currency"
              src="https://img.icons8.com/fluency/35/000000/stack-of-coins.png"
            />
            <p>
              Solana 
              -
               SOL
            </p>
            <p>
              $38.53866
            </p>
          </div>
        </li>
      </a>
      <a
        className="route"
        href="/coin-detail"
        onClick={[Function]}
      >
        <li>
          <div
            className="coinItem"
          >
            <img
              alt="currency"
              src="https://img.icons8.com/fluency/35/000000/stack-of-coins.png"
            />
            <p>
              Dogecoin 
              -
               DOGE
            </p>
            <p>
              $0.069892
            </p>
          </div>
        </li>
      </a>
    </ul>
  </div>
</div>
`;
